00: ┌ InterviewCraft · Interview / 项目深挖 · ✓ ollama/qwen3-coder-very-lo…┐
01: ┌ › RESIZE TERMINAL ───────────────────────────────────────────────────┐
02: │! Terminal is 72×22. InterviewCraft needs at least 80×24.             │
03: │Resize terminal, then press [r] Retry.                                │
04-19: │                                                                      │
20: └──────────────────────────────────────────────────────────────────────┘
21: └ [r] Retry ───────────────────────────────────────────────────────────┘
